#
# There is insufficient memory for the Java Runtime Environment to continue.
# Native memory allocation (malloc) failed to allocate 1603856 bytes for Chunk::new
# Possible reasons:
#   The system is out of physical RAM or swap space
#   The process is running with CompressedOops enabled, and the Java Heap may be blocking the growth of the native heap
# Possible solutions:
#   Reduce memory load on the system
#   Increase physical memory or swap space
#   Check if swap backing store is full
#   Decrease Java heap size (-Xmx/-Xms)
#   Decrease number of Java threads
#   Decrease Java thread stack sizes (-Xss)
#   Set larger code cache with -XX:ReservedCodeCacheSize=
#   JVM is running with Zero Based Compressed Oops mode in which the Java heap is
#     placed in the first 32GB address space. The Java Heap base address is the
#     maximum limit for the native heap growth. Please use -XX:HeapBaseMinAddress
#     to set the Java Heap base and to place the Java Heap above 32GB virtual address.
# This output file may be truncated or incomplete.
#
#  Out of Memory Error (arena.cpp:189), pid=3788, tid=18672
#
# JRE version: Java(TM) SE Runtime Environment (17.0.12+8) (build 17.0.12+8-LTS-286)
# Java VM: Java HotSpot(TM) 64-Bit Server VM (17.0.12+8-LTS-286, mixed mode, sharing, tiered, compressed oops, compressed class ptrs, g1 gc, windows-amd64)
# No core dump will be written. Minidumps are not enabled by default on client versions of Windows
#

---------------  S U M M A R Y ------------

Command Line: -Dclassworlds.conf=C:\apache-maven-3.9.9\bin\m2.conf -Dmaven.home=C:\apache-maven-3.9.9 -Dlibrary.jansi.path=C:\apache-maven-3.9.9\lib\jansi-native -Dmaven.multiModuleProjectDirectory=C:\Users\henda\Documents\ecommerce org.codehaus.plexus.classworlds.launcher.Launcher spring-boot:run

Host: 11th Gen Intel(R) Core(TM) i7-11800H @ 2.30GHz, 16 cores, 15G,  Windows 11 , 64 bit Build 26100 (10.0.26100.6725)
Time: Sat Oct 11 14:19:30 2025 Maroc (heure d64 bit Build 26100 (10.0.26100.6725) elapsed time: 3.356054 seconds (0d 0h 0m 3s)

---------------  T H R E A D  ---------------

Current thread (0x000001f7770b04d0):  JavaThread "C2 CompilerThread1" daemon [_thread_in_native, id=18672, stack(0x000000ed4b500000,0x000000ed4b600000)]


Current CompileTask:
C2:   3356 2774       4       org.codehaus.plexus.util.xml.pull.MXParser::parseStartTag (1190 bytes)

Stack: [0x000000ed4b500000,0x000000ed4b600000]
Native frames: (J=compiled Java code, j=interpreted, Vv=VM code, C=native code)
V  [jvm.dll+0x67a04a]
V  [jvm.dll+0x7da4ed]
V  [jvm.dll+0x7dbe33]
V  [jvm.dll+0x7dc4a3]
V  [jvm.dll+0x24508f]
V  [jvm.dll+0xab773]
V  [jvm.dll+0xabd3c]
V  [jvm.dll+0x361b9f]
V  [jvm.dll+0x32c431]
V  [jvm.dll+0x32b8ca]
V  [jvm.dll+0x21683f]
V  [jvm.dll+0x215c6f]
V  [jvm.dll+0x1a2960]
V  [jvm.dll+0x22610b]
V  [jvm.dll+0x2242ab]
V  [jvm.dll+0x79075c]
V  [jvm.dll+0x78abea]
V  [jvm.dll+0x678f35]
C  [ucrtbase.dll+0x37b0]
C  [KERNEL32.DLL+0x2e8d7]
C  [ntdll.dll+0x8c53c]


---------------  P R O C E S S  ---------------

Threads class SMR info:
_java_thread_list=0x000001f77918f950, length=21, elements={
0x000001f70e1372e0, 0x000001f73172e2d0, 0x000001f731731090, 0x000001f731742830,
0x000001f731745510, 0x000001f731745ed0, 0x000001f731746890, 0x000001f73174b660,
0x000001f731760930, 0x000001f731781340, 0x000001f73184c870, 0x000001f731943bb0,
0x000001f7319444a0, 0x000001f7770b04d0, 0x000001f7776909f0, 0x000001f7776599a0,
0x000001f777659ec0, 0x000001f777703720, 0x000001f777703c40, 0x000001f7781b2030,
0x000001f731870da0
}

Java Threads: ( => current thread )
  0x000001f70e1372e0 JavaThread "main" [_thread_in_native, id=10540, stack(0x000000ed4a000000,0x000000ed4a100000)]
  0x000001f73172e2d0 JavaThread "Reference Handler" daemon [_thread_blocked, id=22256, stack(0x000000ed4a700000,0x000000ed4a800000)]
  0x000001f731731090 JavaThread "Finalizer" daemon [_thread_blocked, id=3052, stack(0x000000ed4a800000,0x000000ed4a900000)]
  0x000001f731742830 JavaThread "Signal Dispatcher" daemon [_thread_blocked, id=16912, stack(0x000000ed4a900000,0x000000ed4aa00000)]
  0x000001f731745510 JavaThread "Attach Listener" daemon [_thread_blocked, id=6172, stack(0x000000ed4aa00000,0x000000ed4ab00000)]
  0x000001f731745ed0 JavaThread "Service Thread" daemon [_thread_blocked, id=20556, stack(0x000000ed4ab00000,0x000000ed4ac00000)]
  0x000001f731746890 JavaThread "Monitor Deflation Thread" daemon [_thread_blocked, id=13052, stack(0x000000ed4ac00000,0x000000ed4ad00000)]
  0x000001f73174b660 JavaThread "C2 CompilerThread0" daemon [_thread_in_native, id=2060, stack(0x000000ed4ad00000,0x000000ed4ae00000)]
  0x000001f731760930 JavaThread "C1 CompilerThread0" daemon [_thread_in_vm, id=12784, stack(0x000000ed4ae00000,0x000000ed4af00000)]
  0x000001f731781340 JavaThread "Sweeper thread" daemon [_thread_blocked, id=20672, stack(0x000000ed4af00000,0x000000ed4b000000)]
  0x000001f73184c870 JavaThread "C1 CompilerThread1" daemon [_thread_in_native, id=16268, stack(0x000000ed4b000000,0x000000ed4b100000)]
  0x000001f731943bb0 JavaThread "Notification Thread" daemon [_thread_blocked, id=3768, stack(0x000000ed4b200000,0x000000ed4b300000)]
  0x000001f7319444a0 JavaThread "Common-Cleaner" daemon [_thread_blocked, id=2860, stack(0x000000ed4b400000,0x000000ed4b500000)]
=>0x000001f7770b04d0 JavaThread "C2 CompilerThread1" daemon [_thread_in_native, id=18672, stack(0x000000ed4b500000,0x000000ed4b600000)]
  0x000001f7776909f0 JavaThread "C2 CompilerThread2" daemon [_thread_in_native, id=9440, stack(0x000000ed4b700000,0x000000ed4b800000)]
  0x000001f7776599a0 JavaThread "C2 CompilerThread3" daemon [_thread_in_native, id=15580, stack(0x000000ed4b800000,0x000000ed4b900000)]
  0x000001f777659ec0 JavaThread "C2 CompilerThread4" daemon [_thread_in_native, id=13756, stack(0x000000ed4b900000,0x000000ed4ba00000)]
  0x000001f777703720 JavaThread "C2 CompilerThread5" daemon [_thread_in_native, id=11384, stack(0x000000ed4ba00000,0x000000ed4bb00000)]
  0x000001f777703c40 JavaThread "C2 CompilerThread6" daemon [_thread_in_native, id=18604, stack(0x000000ed4bb00000,0x000000ed4bc00000)]
  0x000001f7781b2030 JavaThread "Thread-1" daemon [_thread_blocked, id=4788, stack(0x000000ed4c600000,0x000000ed4c700000)]
  0x000001f731870da0 JavaThread "C1 CompilerThread2" daemon [_thread_in_native, id=20956, stack(0x000000ed4b100000,0x000000ed4b200000)]

Other Threads:
  0x000001f73172a4e0 VMThread "VM Thread" [stack: 0x000000ed4a600000,0x000000ed4a700000] [id=20436]
  0x000001f7319576f0 WatcherThread [stack: 0x000000ed4b300000,0x000000ed4b400000] [id=6436]
  0x000001f70e1a5130 GCTaskThread "GC Thread#0" [stack: 0x000000ed4a100000,0x000000ed4a200000] [id=21932]
  0x000001f7779bad60 GCTaskThread "GC Thread#1" [stack: 0x000000ed4bd00000,0x000000ed4be00000] [id=8232]
  0x000001f7777ac560 GCTaskThread "GC Thread#2" [stack: 0x000000ed4be00000,0x000000ed4bf00000] [id=8756]
  0x000001f777ca1310 GCTaskThread "GC Thread#3" [stack: 0x000000ed4bf00000,0x000000ed4c000000] [id=13888]
  0x000001f731a3ac20 GCTaskThread "GC Thread#4" [stack: 0x000000ed4c000000,0x000000ed4c100000] [id=20272]
  0x000001f777b96140 GCTaskThread "GC Thread#5" [stack: 0x000000ed4c100000,0x000000ed4c200000] [id=19636]
  0x000001f7780bb7e0 GCTaskThread "GC Thread#6" [stack: 0x000000ed4c200000,0x000000ed4c300000] [id=6248]
  0x000001f7787a2250 GCTaskThread "GC Thread#7" [stack: 0x000000ed4c300000,0x000000ed4c400000] [id=22520]
  0x000001f778462b70 GCTaskThread "GC Thread#8" [stack: 0x000000ed4c400000,0x000000ed4c500000] [id=19524]
  0x000001f778462e30 GCTaskThread "GC Thread#9" [stack: 0x000000ed4c500000,0x000000ed4c600000] [id=21388]
  0x000001f70e1b6ae0 ConcurrentGCThread "G1 Main Marker" [stack: 0x000000ed4a200000,0x000000ed4a300000] [id=4932]
  0x000001f70e1b91d0 ConcurrentGCThread "G1 Conc#0" [stack: 0x000000ed4a300000,0x000000ed4a400000] [id=22456]
  0x000001f7315e2f00 ConcurrentGCThread "G1 Refine#0" [stack: 0x000000ed4a400000,0x000000ed4a500000] [id=9404]
  0x000001f7315e4be0 ConcurrentGCThread "G1 Service" [stack: 0x000000ed4a500000,0x000000ed4a600000] [id=9944]

Threads with active compile tasks:
C2 CompilerThread0     4378 3079       4       jdk.internal.reflect.ClassFileAssembler::emitByte (11 bytes)
C1 CompilerThread0     4378 3089       3       java.util.regex.Matcher::match (154 bytes)
C1 CompilerThread1     4379 3084   !   3       org.codehaus.plexus.interpolation.reflection.ReflectionValueExtractor::getPropertyValue (114 bytes)
C2 CompilerThread1     4379 2774       4       org.codehaus.plexus.util.xml.pull.MXParser::parseStartTag (1190 bytes)
C2 CompilerThread2     4379 3024       4       org.apache.maven.model.interpolation.StringVisitorModelInterpolator$ModelVisitor::interpolate (11 bytes)
C2 CompilerThread3     4380 3038       4       org.codehaus.plexus.util.xml.pull.MXParser::nextImpl (1203 bytes)
C2 CompilerThread4     4380 2927       4       org.apache.maven.model.io.xpp3.MavenXpp3ReaderEx::checkFieldWithDuplicate (75 bytes)
C2 CompilerThread5     4380 3046       4       java.util.HashMap::put (13 bytes)
C2 CompilerThread6     4381 3025   !   4       org.apache.maven.model.interpolation.StringVisitorModelInterpolator$1::interpolate (97 bytes)
C1 CompilerThread2     4381 3088       3       org.apache.maven.model.validation.DefaultModelValidator::validateEffectiveDependency (631 bytes)

VM state: not at safepoint (normal execution)

VM Mutex/Monitor currently owned by a thread: None

Heap address: 0x0000000705a00000, size: 4006 MB, Compressed Oops mode: Zero based, Oop shift amount: 3

CDS archive(s) mapped at: [0x000001f732000000-0x000001f732bd0000-0x000001f732bd0000), size 12386304, SharedBaseAddress: 0x000001f732000000, ArchiveRelocationMode: 1.
Compressed class space mapped at: 0x000001f733000000-0x000001f773000000, reserved size: 1073741824
Narrow klass base: 0x000001f732000000, Narrow klass shift: 0, Narrow klass range: 0x100000000

GC Precious Log:
 CPUs: 16 total, 16 available
 Memory: 16021M
 Large Page Support: Disabled
 NUMA Support: Disabled
 Compressed Oops: Enabled (Zero based)
 Heap Region Size: 2M
 Heap Min Capacity: 8M
 Heap Initial Capacity: 252M
 Heap Max Capacity: 4006M
 Pre-touch: Disabled
 Parallel Workers: 13
 Concurrent Workers: 3
 Concurrent Refinement Workers: 13
 Periodic GC: Disabled

Heap:
 garbage-first heap   total 258048K, used 38227K [0x0000000705a00000, 0x0000000800000000)
  region size 2048K, 18 young (36864K), 1 survivors (2048K)
 Metaspace       used 14850K, committed 15040K, reserved 1114112K
  class space    used 1797K, committed 1856K, reserved 1048576K

Heap Regions: E=young(eden), S=young(survivor), O=old, HS=humongous(starts), HC=humongous(continues), CS=collection set, F=free, OA=open archive, CA=closed archive, TAMS=top-at-mark-start (previous, next)
|   0|0x0000000705a00000, 0x0000000705c00000, 0x0000000705c00000|100%| O|  |TAMS 0x0000000705a00000, 0x0000000705a00000| Untracked 
|   1|0x0000000705c00000, 0x0000000705d5d400, 0x0000000705e00000| 68%| O|  |TAMS 0x0000000705c00000, 0x0000000705c00000| Untracked 
|   2|0x0000000705e00000, 0x0000000705e00000, 0x0000000706000000|  0%| F|  |TAMS 0x0000000705e00000, 0x0000000705e00000| Untracked 
|   3|0x0000000706000000, 0x0000000706000000, 0x0000000706200000|  0%| F|  |TAMS 0x0000000706000000, 0x0000000706000000| Untracked 
|   4|0x0000000706200000, 0x0000000706200000, 0x0000000706400000|  0%| F|  |TAMS 0x0000000706200000, 0x0000000706200000| Untracked 
|   5|0x0000000706400000, 0x0000000706400000, 0x0000000706600000|  0%| F|  |TAMS 0x0000000706400000, 0x0000000706400000| Untracked 
|   6|0x0000000706600000, 0x0000000706600000, 0x0000000706800000|  0%| F|  |TAMS 0x0000000706600000, 0x0000000706600000| Untracked 
|   7|0x0000000706800000, 0x0000000706800000, 0x0000000706a00000|  0%| F|  |TAMS 0x0000000706800000, 0x0000000706800000| Untracked 
|   8|0x0000000706a00000, 0x0000000706a00000, 0x0000000706c00000|  0%| F|  |TAMS 0x0000000706a00000, 0x0000000706a00000| Untracked 
|   9|0x0000000706c00000, 0x0000000706c00000, 0x0000000706e00000|  0%| F|  |TAMS 0x0000000706c00000, 0x0000000706c00000| Untracked 
|  10|0x0000000706e00000, 0x0000000706e00000, 0x0000000707000000|  0%| F|  |TAMS 0x0000000706e00000, 0x0000000706e00000| Untracked 
|  11|0x0000000707000000, 0x0000000707000000, 0x0000000707200000|  0%| F|  |TAMS 0x0000000707000000, 0x0000000707000000| Untracked 
|  12|0x0000000707200000, 0x0000000707200000, 0x0000000707400000|  0%| F|  |TAMS 0x0000000707200000, 0x0000000707200000| Untracked 
|  13|0x0000000707400000, 0x0000000707400000, 0x0000000707600000|  0%| F|  |TAMS 0x0000000707400000, 0x0000000707400000| Untracked 
|  14|0x0000000707600000, 0x0000000707600000, 0x0000000707800000|  0%| F|  |TAMS 0x0000000707600000, 0x0000000707600000| Untracked 
|  15|0x0000000707800000, 0x0000000707800000, 0x0000000707a00000|  0%| F|  |TAMS 0x0000000707800000, 0x0000000707800000| Untracked 
|  16|0x0000000707a00000, 0x0000000707a00000, 0x0000000707c00000|  0%| F|  |TAMS 0x0000000707a00000, 0x0000000707a00000| Untracked 
|  17|0x0000000707c00000, 0x0000000707c00000, 0x0000000707e00000|  0%| F|  |TAMS 0x0000000707c00000, 0x0000000707c00000| Untracked 
|  18|0x0000000707e00000, 0x0000000707e00000, 0x0000000708000000|  0%| F|  |TAMS 0x0000000707e00000, 0x0000000707e00000| Untracked 
|  19|0x0000000708000000, 0x0000000708000000, 0x0000000708200000|  0%| F|  |TAMS 0x0000000708000000, 0x0000000708000000| Untracked 
|  20|0x0000000708200000, 0x0000000708200000, 0x0000000708400000|  0%| F|  |TAMS 0x0000000708200000, 0x0000000708200000| Untracked 
|  21|0x0000000708400000, 0x0000000708400000, 0x0000000708600000|  0%| F|  |TAMS 0x0000000708400000, 0x0000000708400000| Untracked 
|  22|0x0000000708600000, 0x0000000708600000, 0x0000000708800000|  0%| F|  |TAMS 0x0000000708600000, 0x0000000708600000| Untracked 
|  23|0x0000000708800000, 0x0000000708800000, 0x0000000708a00000|  0%| F|  |TAMS 0x0000000708800000, 0x0000000708800000| Untracked 
|  24|0x0000000708a00000, 0x0000000708a00000, 0x0000000708c00000|  0%| F|  |TAMS 0x0000000708a00000, 0x0000000708a00000| Untracked 
|  25|0x0000000708c00000, 0x0000000708c00000, 0x0000000708e00000|  0%| F|  |TAMS 0x0000000708c00000, 0x0000000708c00000| Untracked 
|  26|0x0000000708e00000, 0x0000000708e00000, 0x0000000709000000|  0%| F|  |TAMS 0x0000000708e00000, 0x0000000708e00000| Untracked 
|  27|0x0000000709000000, 0x0000000709000000, 0x0000000709200000|  0%| F|  |TAMS 0x0000000709000000, 0x0000000709000000| Untracked 
|  28|0x0000000709200000, 0x0000000709200000, 0x0000000709400000|  0%| F|  |TAMS 0x0000000709200000, 0x0000000709200000| Untracked 
|  29|0x0000000709400000, 0x0000000709400000, 0x0000000709600000|  0%| F|  |TAMS 0x0000000709400000, 0x0000000709400000| Untracked 
|  30|0x0000000709600000, 0x0000000709600000, 0x0000000709800000|  0%| F|  |TAMS 0x0000000709600000, 0x0000000709600000| Untracked 
|  31|0x0000000709800000, 0x0000000709800000, 0x0000000709a00000|  0%| F|  |TAMS 0x0000000709800000, 0x0000000709800000| Untracked 
|  32|0x0000000709a00000, 0x0000000709a00000, 0x0000000709c00000|  0%| F|  |TAMS 0x0000000709a00000, 0x0000000709a00000| Untracked 
|  33|0x0000000709c00000, 0x0000000709c00000, 0x0000000709e00000|  0%| F|  |TAMS 0x0000000709c00000, 0x0000000709c00000| Untracked 
|  34|0x0000000709e00000, 0x0000000709e00000, 0x000000070a000000|  0%| F|  |TAMS 0x0000000709e00000, 0x0000000709e00000| Untracked 
|  35|0x000000070a000000, 0x000000070a000000, 0x000000070a200000|  0%| F|  |TAMS 0x000000070a000000, 0x000000070a000000| Untracked 
|  36|0x000000070a200000, 0x000000070a200000, 0x000000070a400000|  0%| F|  |TAMS 0x000000070a200000, 0x000000070a200000| Untracked 
|  37|0x000000070a400000, 0x000000070a400000, 0x000000070a600000|  0%| F|  |TAMS 0x000000070a400000, 0x000000070a400000| Untracked 
|  38|0x000000070a600000, 0x000000070a600000, 0x000000070a800000|  0%| F|  |TAMS 0x000000070a600000, 0x000000070a600000| Untracked 
|  39|0x000000070a800000, 0x000000070a800000, 0x000000070aa00000|  0%| F|  |TAMS 0x000000070a800000, 0x000000070a800000| Untracked 
|  40|0x000000070aa00000, 0x000000070aa00000, 0x000000070ac00000|  0%| F|  |TAMS 0x000000070aa00000, 0x000000070aa00000| Untracked 
|  41|0x000000070ac00000, 0x000000070ac00000, 0x000000070ae00000|  0%| F|  |TAMS 0x000000070ac00000, 0x000000070ac00000| Untracked 
|  42|0x000000070ae00000, 0x000000070ae00000, 0x000000070b000000|  0%| F|  |TAMS 0x000000070ae00000, 0x000000070ae00000| Untracked 
|  43|0x000000070b000000, 0x000000070b000000, 0x000000070b200000|  0%| F|  |TAMS 0x000000070b000000, 0x000000070b000000| Untracked 
|  44|0x000000070b200000, 0x000000070b200000, 0x000000070b400000|  0%| F|  |TAMS 0x000000070b200000, 0x000000070b200000| Untracked 
|  45|0x000000070b400000, 0x000000070b400000, 0x000000070b600000|  0%| F|  |TAMS 0x000000070b400000, 0x000000070b400000| Untracked 
|  46|0x000000070b600000, 0x000000070b600000, 0x000000070b800000|  0%| F|  |TAMS 0x000000070b600000, 0x000000070b600000| Untracked 
|  47|0x000000070b800000, 0x000000070b800000, 0x000000070ba00000|  0%| F|  |TAMS 0x000000070b800000, 0x000000070b800000| Untracked 
|  48|0x000000070ba00000, 0x000000070ba00000, 0x000000070bc00000|  0%| F|  |TAMS 0x000000070ba00000, 0x000000070ba00000| Untracked 
|  49|0x000000070bc00000, 0x000000070bc00000, 0x000000070be00000|  0%| F|  |TAMS 0x000000070bc00000, 0x000000070bc00000| Untracked 
|  50|0x000000070be00000, 0x000000070be00000, 0x000000070c000000|  0%| F|  |TAMS 0x000000070be00000, 0x000000070be00000| Untracked 
|  51|0x000000070c000000, 0x000000070c000000, 0x000000070c200000|  0%| F|  |TAMS 0x000000070c000000, 0x000000070c000000| Untracked 
|  52|0x000000070c200000, 0x000000070c200000, 0x000000070c400000|  0%| F|  |TAMS 0x000000070c200000, 0x000000070c200000| Untracked 
|  53|0x000000070c400000, 0x000000070c400000, 0x000000070c600000|  0%| F|  |TAMS 0x000000070c400000, 0x000000070c400000| Untracked 
|  54|0x000000070c600000, 0x000000070c600000, 0x000000070c800000|  0%| F|  |TAMS 0x000000070c600000, 0x000000070c600000| Untracked 
|  55|0x000000070c800000, 0x000000070c800000, 0x000000070ca00000|  0%| F|  |TAMS 0x000000070c800000, 0x000000070c800000| Untracked 
|  56|0x000000070ca00000, 0x000000070ca00000, 0x000000070cc00000|  0%| F|  |TAMS 0x000000070ca00000, 0x000000070ca00000| Untracked 
|  57|0x000000070cc00000, 0x000000070cc00000, 0x000000070ce00000|  0%| F|  |TAMS 0x000000070cc00000, 0x000000070cc00000| Untracked 
|  58|0x000000070ce00000, 0x000000070ce00000, 0x000000070d000000|  0%| F|  |TAMS 0x000000070ce00000, 0x000000070ce00000| Untracked 
|  59|0x000000070d000000, 0x000000070d000000, 0x000000070d200000|  0%| F|  |TAMS 0x000000070d000000, 0x000000070d000000| Untracked 
|  60|0x000000070d200000, 0x000000070d200000, 0x000000070d400000|  0%| F|  |TAMS 0x000000070d200000, 0x000000070d200000| Untracked 
|  61|0x000000070d400000, 0x000000070d400000, 0x000000070d600000|  0%| F|  |TAMS 0x000000070d400000, 0x000000070d400000| Untracked 
|  62|0x000000070d600000, 0x000000070d600000, 0x000000070d800000|  0%| F|  |TAMS 0x000000070d600000, 0x000000070d600000| Untracked 
|  63|0x000000070d800000, 0x000000070d800000, 0x000000070da00000|  0%| F|  |TAMS 0x000000070d800000, 0x000000070d800000| Untracked 
|  64|0x000000070da00000, 0x000000070da00000, 0x000000070dc00000|  0%| F|  |TAMS 0x000000070da00000, 0x000000070da00000| Untracked 
|  65|0x000000070dc00000, 0x000000070dc00000, 0x000000070de00000|  0%| F|  |TAMS 0x000000070dc00000, 0x000000070dc00000| Untracked 
|  66|0x000000070de00000, 0x000000070de00000, 0x000000070e000000|  0%| F|  |TAMS 0x000000070de00000, 0x000000070de00000| Untracked 
|  67|0x000000070e000000, 0x000000070e000000, 0x000000070e200000|  0%| F|  |TAMS 0x000000070e000000, 0x000000070e000000| Untracked 
|  68|0x000000070e200000, 0x000000070e200000, 0x000000070e400000|  0%| F|  |TAMS 0x000000070e200000, 0x000000070e200000| Untracked 
|  69|0x000000070e400000, 0x000000070e400000, 0x000000070e600000|  0%| F|  |TAMS 0x000000070e400000, 0x000000070e400000| Untracked 
|  70|0x000000070e600000, 0x000000070e600000, 0x000000070e800000|  0%| F|  |TAMS 0x000000070e600000, 0x000000070e600000| Untracked 
|  71|0x000000070e800000, 0x000000070e800000, 0x000000070ea00000|  0%| F|  |TAMS 0x000000070e800000, 0x000000070e800000| Untracked 
|  72|0x000000070ea00000, 0x000000070ea00000, 0x000000070ec00000|  0%| F|  |TAMS 0x000000070ea00000, 0x000000070ea00000| Untracked 
|  73|0x000000070ec00000, 0x000000070ec00000, 0x000000070ee00000|  0%| F|  |TAMS 0x000000070ec00000, 0x000000070ec00000| Untracked 
|  74|0x000000070ee00000, 0x000000070ee00000, 0x000000070f000000|  0%| F|  |TAMS 0x000000070ee00000, 0x000000070ee00000| Untracked 
|  75|0x000000070f000000, 0x000000070f000000, 0x000000070f200000|  0%| F|  |TAMS 0x000000070f000000, 0x000000070f000000| Untracked 
|  76|0x000000070f200000, 0x000000070f200000, 0x000000070f400000|  0%| F|  |TAMS 0x000000070f200000, 0x000000070f200000| Untracked 
|  77|0x000000070f400000, 0x000000070f400000, 0x000000070f600000|  0%| F|  |TAMS 0x000000070f400000, 0x000000070f400000| Untracked 
|  78|0x000000070f600000, 0x000000070f600000, 0x000000070f800000|  0%| F|  |TAMS 0x000000070f600000, 0x000000070f600000| Untracked 
|  79|0x000000070f800000, 0x000000070f800000, 0x000000070fa00000|  0%| F|  |TAMS 0x000000070f800000, 0x000000070f800000| Untracked 
|  80|0x000000070fa00000, 0x000000070fa00000, 0x000000070fc00000|  0%| F|  |TAMS 0x000000070fa00000, 0x000000070fa00000| Untracked 
|  81|0x000000070fc00000, 0x000000070fc00000, 0x000000070fe00000|  0%| F|  |TAMS 0x000000070fc00000, 0x000000070fc00000| Untracked 
|  82|0x000000070fe00000, 0x000000070fe00000, 0x0000000710000000|  0%| F|  |TAMS 0x000000070fe00000, 0x000000070fe00000| Untracked 
|  83|0x0000000710000000, 0x0000000710000000, 0x0000000710200000|  0%| F|  |TAMS 0x0000000710000000, 0x0000000710000000| Untracked 
|  84|0x0000000710200000, 0x0000000710200000, 0x0000000710400000|  0%| F|  |TAMS 0x0000000710200000, 0x0000000710200000| Untracked 
|  85|0x0000000710400000, 0x0000000710400000, 0x0000000710600000|  0%| F|  |TAMS 0x0000000710400000, 0x0000000710400000| Untracked 
|  86|0x0000000710600000, 0x0000000710600000, 0x0000000710800000|  0%| F|  |TAMS 0x0000000710600000, 0x0000000710600000| Untracked 
|  87|0x0000000710800000, 0x0000000710800000, 0x0000000710a00000|  0%| F|  |TAMS 0x0000000710800000, 0x0000000710800000| Untracked 
|  88|0x0000000710a00000, 0x0000000710a00000, 0x0000000710c00000|  0%| F|  |TAMS 0x0000000710a00000, 0x0000000710a00000| Untracked 
|  89|0x0000000710c00000, 0x0000000710c00000, 0x0000000710e00000|  0%| F|  |TAMS 0x0000000710c00000, 0x0000000710c00000| Untracked 
|  90|0x0000000710e00000, 0x0000000710e00000, 0x0000000711000000|  0%| F|  |TAMS 0x0000000710e00000, 0x0000000710e00000| Untracked 
|  91|0x0000000711000000, 0x0000000711000000, 0x0000000711200000|  0%| F|  |TAMS 0x0000000711000000, 0x0000000711000000| Untracked 
|  92|0x0000000711200000, 0x0000000711200000, 0x0000000711400000|  0%| F|  |TAMS 0x0000000711200000, 0x0000000711200000| Untracked 
|  93|0x0000000711400000, 0x0000000711400000, 0x0000000711600000|  0%| F|  |TAMS 0x0000000711400000, 0x0000000711400000| Untracked 
|  94|0x0000000711600000, 0x0000000711600000, 0x0000000711800000|  0%| F|  |TAMS 0x0000000711600000, 0x0000000711600000| Untracked 
|  95|0x0000000711800000, 0x0000000711800000, 0x0000000711a00000|  0%| F|  |TAMS 0x0000000711800000, 0x0000000711800000| Untracked 
|  96|0x0000000711a00000, 0x0000000711a00000, 0x0000000711c00000|  0%| F|  |TAMS 0x0000000711a00000, 0x0000000711a00000| Untracked 
|  97|0x0000000711c00000, 0x0000000711c00000, 0x0000000711e00000|  0%| F|  |TAMS 0x0000000711c00000, 0x0000000711c00000| Untracked 
|  98|0x0000000711e00000, 0x0000000711e00000, 0x0000000712000000|  0%| F|  |TAMS 0x0000000711e00000, 0x0000000711e00000| Untracked 
|  99|0x0000000712000000, 0x0000000712000000, 0x0000000712200000|  0%| F|  |TAMS 0x0000000712000000, 0x0000000712000000| Untracked 
| 100|0x0000000712200000, 0x0000000712200000, 0x0000000712400000|  0%| F|  |TAMS 0x0000000712200000, 0x0000000712200000| Untracked 
| 101|0x0000000712400000, 0x0000000712400000, 0x0000000712600000|  0%| F|  |TAMS 0x0000000712400000, 0x0000000712400000| Untracked 
| 102|0x0000000712600000, 0x0000000712600000, 0x0000000712800000|  0%| F|  |TAMS 0x0000000712600000, 0x0000000712600000| Untracked 
| 103|0x0000000712800000, 0x0000000712800000, 0x0000000712a00000|  0%| F|  |TAMS 0x0000000712800000, 0x0000000712800000| Untracked 
| 104|0x0000000712a00000, 0x0000000712a00000, 0x0000000712c00000|  0%| F|  |TAMS 0x0000000712a00000, 0x0000000712a00000| Untracked 
| 105|0x0000000712c00000, 0x0000000712c00000, 0x0000000712e00000|  0%| F|  |TAMS 0x0000000712c00000, 0x0000000712c00000| Untracked 
| 106|0x0000000712e00000, 0x0000000712e00000, 0x0000000713000000|  0%| F|  |TAMS 0x0000000712e00000, 0x0000000712e00000| Untracked 
| 107|0x0000000713000000, 0x00000007131f7a10, 0x0000000713200000| 98%| S|CS|TAMS 0x0000000713000000, 0x0000000713000000| Complete 
| 108|0x0000000713200000, 0x0000000713200000, 0x0000000713400000|  0%| F|  |TAMS 0x0000000713200000, 0x0000000713200000| Untracked 
| 109|0x0000000713400000, 0x0000000713600000, 0x0000000713600000|100%| E|  |TAMS 0x0000000713400000, 0x0000000713400000| Complete 
| 110|0x0000000713600000, 0x0000000713800000, 0x0000000713800000|100%| E|CS|TAMS 0x0000000713600000, 0x0000000713600000| Complete 
| 111|0x0000000713800000, 0x0000000713a00000, 0x0000000713a00000|100%| E|CS|TAMS 0x0000000713800000, 0x0000000713800000| Complete 
| 112|0x0000000713a00000, 0x0000000713c00000, 0x0000000713c00000|100%| E|CS|TAMS 0x0000000713a00000, 0x0000000713a00000| Complete 
| 113|0x0000000713c00000, 0x0000000713e00000, 0x0000000713e00000|100%| E|CS|TAMS 0x0000000713c00000, 0x0000000713c00000| Complete 
| 114|0x0000000713e00000, 0x0000000714000000, 0x0000000714000000|100%| E|CS|TAMS 0x0000000713e00000, 0x0000000713e00000| Complete 
| 115|0x0000000714000000, 0x0000000714200000, 0x0000000714200000|100%| E|CS|TAMS 0x0000000714000000, 0x0000000714000000| Complete 
| 116|0x0000000714200000, 0x0000000714400000, 0x0000000714400000|100%| E|CS|TAMS 0x0000000714200000, 0x0000000714200000| Complete 
| 117|0x0000000714400000, 0x0000000714600000, 0x0000000714600000|100%| E|CS|TAMS 0x0000000714400000, 0x0000000714400000| Complete 
| 118|0x0000000714600000, 0x0000000714800000, 0x0000000714800000|100%| E|CS|TAMS 0x0000000714600000, 0x0000000714600000| Complete 
| 119|0x0000000714800000, 0x0000000714a00000, 0x0000000714a00000|100%| E|CS|TAMS 0x0000000714800000, 0x0000000714800000| Complete 
| 120|0x0000000714a00000, 0x0000000714c00000, 0x0000000714c00000|100%| E|CS|TAMS 0x0000000714a00000, 0x0000000714a00000| Complete 
| 121|0x0000000714c00000, 0x0000000714e00000, 0x0000000714e00000|100%| E|CS|TAMS 0x0000000714c00000, 0x0000000714c00000| Complete 
| 122|0x0000000714e00000, 0x0000000715000000, 0x0000000715000000|100%| E|CS|TAMS 0x0000000714e00000, 0x0000000714e00000| Complete 
| 123|0x0000000715000000, 0x0000000715200000, 0x0000000715200000|100%| E|CS|TAMS 0x0000000715000000, 0x0000000715000000| Complete 
| 124|0x0000000715200000, 0x0000000715400000, 0x0000000715400000|100%| E|CS|TAMS 0x0000000715200000, 0x0000000715200000| Complete 
| 125|0x0000000715400000, 0x0000000715600000, 0x0000000715600000|100%| E|CS|TAMS 0x0000000715400000, 0x0000000715400000| Complete 

Card table byte_map: [0x000001f725a60000,0x000001f726240000] _byte_map_base: 0x000001f722233000

Marking Bits (Prev, Next): (CMBitMap*) 0x000001f70e1a6760, (CMBitMap*) 0x000001f70e1a67a0
 Prev Bits: [0x000001f726a20000, 0x000001f72a8b8000)
 Next Bits: [0x000001f72a8c0000, 0x000001f72e758000)

Polling page: 0x000001f70bdd0000

Metaspace:

Usage:
  Non-class:     12.75 MB used.
      Class:      1.75 MB used.
       Both:     14.51 MB used.

Virtual space:
  Non-class space:       64.00 MB reserved,      12.88 MB ( 20%) committed,  1 nodes.
      Class space:        1.00 GB reserved,       1.81 MB ( <1%) committed,  1 nodes.
             Both:        1.06 GB reserved,      14.69 MB (  1%) committed. 

Chunk freelists:
   Non-Class:  2.42 MB
       Class:  14.01 MB
        Both:  16.43 MB

MaxMetaspaceSize: unlimited
CompressedClassSpaceSize: 1.00 GB
Initial GC threshold: 21.00 MB
Current GC threshold: 21.00 MB
CDS: on
MetaspaceReclaimPolicy: balanced
 - commit_granule_bytes: 65536.
 - commit_granule_words: 8192.
 - virtual_space_node_default_size: 8388608.
 - enlarge_chunks_in_place: 1.
 - new_chunks_are_fully_committed: 0.
 - uncommit_free_chunks: 1.
 - use_allocation_guard: 0.
 - handle_deallocations: 1.


Internal statistics:

num_allocs_failed_limit: 0.
num_arena_births: 98.
num_arena_deaths: 0.
num_vsnodes_births: 2.
num_vsnodes_deaths: 0.
num_space_committed: 235.
num_space_uncommitted: 0.
num_chunks_returned_to_freelist: 0.
num_chunks_taken_from_freelist: 626.
num_chunk_merges: 0.
num_chunk_splits: 425.
num_chunks_enlarged: 332.
num_inconsistent_stats: 0.

CodeHeap 'non-profiled nmethods': size=119168Kb used=1271Kb max_used=1271Kb free=117896Kb
 bounds [0x000001f71d590000, 0x000001f71d800000, 0x000001f7249f0000]
CodeHeap 'profiled nmethods': size=119104Kb used=6439Kb max_used=6439Kb free=112664Kb
 bounds [0x000001f7159f0000, 0x000001f716040000, 0x000001f71ce40000]
CodeHeap 'non-nmethods': size=7488Kb used=2315Kb max_used=2916Kb free=5172Kb
 bounds [0x000001f71ce40000, 0x000001f71d120000, 0x000001f71d590000]
 total_blobs=3547 nmethods=3077 adapters=380
 compilation: enabled
              stopped_count=0, restarted_count=0
 full_count=0

Compilation events (20 events):
Event: 2.330 Thread 0x000001f731760930 3071       3       java.util.LinkedHashMap::<init> (11 bytes)
Event: 2.330 Thread 0x000001f73184c870 nmethod 3069 0x000001f71602bf90 code [0x000001f71602c1a0, 0x000001f71602ca98]
Event: 2.330 Thread 0x000001f73184c870 3074       3       org.apache.maven.model.validation.DefaultModelValidator::validateNotNull (42 bytes)
Event: 2.330 Thread 0x000001f7789fdbe0 nmethod 3067 0x000001f71602cc90 code [0x000001f71602cee0, 0x000001f71602d988]
Event: 2.330 Thread 0x000001f731760930 nmethod 3071 0x000001f71602dd10 code [0x000001f71602dee0, 0x000001f71602e0a8]
Event: 2.330 Thread 0x000001f731760930 3073       3       org.apache.maven.model.validation.DefaultModelValidator::validateStringNotEmpty (67 bytes)
Event: 2.331 Thread 0x000001f7789fdbe0 3075       3       org.codehaus.plexus.util.StringUtils::isNotEmpty (17 bytes)
Event: 2.331 Thread 0x000001f73174b660 nmethod 2975 0x000001f71d6cb310 code [0x000001f71d6cb4e0, 0x000001f71d6cc498]
Event: 2.331 Thread 0x000001f7789fdbe0 nmethod 3075 0x000001f716031690 code [0x000001f716031840, 0x000001f716031a98]
Event: 2.331 Thread 0x000001f73184c870 nmethod 3074 0x000001f716031b90 code [0x000001f716031dc0, 0x000001f716032418]
Event: 2.331 Thread 0x000001f73184c870 3076       3       java.util.regex.Pattern$GroupHead::match (47 bytes)
Event: 2.332 Thread 0x000001f731870e50 nmethod 3068 0x000001f71602e190 code [0x000001f71602e5c0, 0x000001f716030bb8]
Event: 2.332 Thread 0x000001f731760930 nmethod 3073 0x000001f716032690 code [0x000001f7160328e0, 0x000001f716033148]
Event: 2.332 Thread 0x000001f73184c870 nmethod 3076 0x000001f716033510 code [0x000001f7160336c0, 0x000001f716033928]
Event: 2.332 Thread 0x000001f73174b660 3055       4       java.util.AbstractList::<init> (10 bytes)
Event: 2.333 Thread 0x000001f73174b660 nmethod 3055 0x000001f71d6cca10 code [0x000001f71d6ccb80, 0x000001f71d6ccbf8]
Event: 2.333 Thread 0x000001f73174b660 2982       4       org.codehaus.plexus.util.xml.pull.MXParser::newString (11 bytes)
Event: 2.335 Thread 0x000001f73184c870 3077       3       java.util.Collections$UnmodifiableCollection::size (10 bytes)
Event: 2.335 Thread 0x000001f73184c870 nmethod 3077 0x000001f716033b10 code [0x000001f716033cc0, 0x000001f716033ea8]
Event: 2.335 Thread 0x000001f73184c870 3078       3       java.util.regex.Pattern::append (43 bytes)

GC Heap History (4 events):
Event: 0.359 GC heap before
{Heap before GC invocations=0 (full 0):
 garbage-first heap   total 258048K, used 22528K [0x0000000705a00000, 0x0000000800000000)
  region size 2048K, 11 young (22528K), 0 survivors (0K)
 Metaspace       used 5454K, committed 5632K, reserved 1114112K
  class space    used 653K, committed 768K, reserved 1048576K
}
Event: 0.361 GC heap after
{Heap after GC invocations=1 (full 0):
 garbage-first heap   total 258048K, used 3735K [0x0000000705a00000, 0x0000000800000000)
  region size 2048K, 2 young (4096K), 2 survivors (4096K)
 Metaspace       used 5454K, committed 5632K, reserved 1114112K
  class space    used 653K, committed 768K, reserved 1048576K
}
Event: 1.892 GC heap before
{Heap before GC invocations=1 (full 0):
 garbage-first heap   total 258048K, used 36503K [0x0000000705a00000, 0x0000000800000000)
  region size 2048K, 18 young (36864K), 2 survivors (4096K)
 Metaspace       used 9893K, committed 10048K, reserved 1114112K
  class space    used 1204K, committed 1280K, reserved 1048576K
}
Event: 1.895 GC heap after
{Heap after GC invocations=2 (full 0):
 garbage-first heap   total 258048K, used 5459K [0x0000000705a00000, 0x0000000800000000)
  region size 2048K, 1 young (2048K), 1 survivors (2048K)
 Metaspace       used 9893K, committed 10048K, reserved 1114112K
  class space    used 1204K, committed 1280K, reserved 1048576K
}

Deoptimization events (20 events):
Event: 2.310 Thread 0x000001f70e1372e0 DEOPT PACKING pc=0x000001f71d6ba3fc sp=0x000000ed4a0fd8c0
Event: 2.310 Thread 0x000001f70e1372e0 DEOPT UNPACKING pc=0x000001f71ce95ba3 sp=0x000000ed4a0fd890 mode 2
Event: 2.311 Thread 0x000001f70e1372e0 Uncommon trap: trap_request=0xffffff45 fr.pc=0x000001f71d65ccd4 relative=0x00000000000001d4
Event: 2.311 Thread 0x000001f70e1372e0 Uncommon trap: reason=unstable_if action=reinterpret pc=0x000001f71d65ccd4 method=java.lang.String.indexOf(Ljava/lang/String;)I @ 10 c2
Event: 2.311 Thread 0x000001f70e1372e0 DEOPT PACKING pc=0x000001f71d65ccd4 sp=0x000000ed4a0fda40
Event: 2.311 Thread 0x000001f70e1372e0 DEOPT UNPACKING pc=0x000001f71ce95ba3 sp=0x000000ed4a0fd9d0 mode 2
Event: 2.318 Thread 0x000001f70e1372e0 DEOPT PACKING pc=0x000001f715f79a1e sp=0x000000ed4a0fd770
Event: 2.318 Thread 0x000001f70e1372e0 DEOPT UNPACKING pc=0x000001f71ce966e3 sp=0x000000ed4a0fcc98 mode 0
Event: 2.318 Thread 0x000001f70e1372e0 Uncommon trap: trap_request=0xffffff45 fr.pc=0x000001f71d65c830 relative=0x00000000000001b0
Event: 2.318 Thread 0x000001f70e1372e0 Uncommon trap: reason=unstable_if action=reinterpret pc=0x000001f71d65c830 method=java.lang.StringLatin1.indexOf([B[B)I @ 9 c2
Event: 2.318 Thread 0x000001f70e1372e0 DEOPT PACKING pc=0x000001f71d65c830 sp=0x000000ed4a0fd930
Event: 2.318 Thread 0x000001f70e1372e0 DEOPT UNPACKING pc=0x000001f71ce95ba3 sp=0x000000ed4a0fd8d0 mode 2
Event: 2.322 Thread 0x000001f70e1372e0 Uncommon trap: trap_request=0xffffff45 fr.pc=0x000001f71d6a0650 relative=0x0000000000000050
Event: 2.322 Thread 0x000001f70e1372e0 Uncommon trap: reason=unstable_if action=reinterpret pc=0x000001f71d6a0650 method=org.codehaus.plexus.util.xml.pull.MXParser.isValidCodePoint(I)Z @ 3 c2
Event: 2.322 Thread 0x000001f70e1372e0 DEOPT PACKING pc=0x000001f71d6a0650 sp=0x000000ed4a0fd730
Event: 2.322 Thread 0x000001f70e1372e0 DEOPT UNPACKING pc=0x000001f71ce95ba3 sp=0x000000ed4a0fd6c0 mode 2
Event: 2.327 Thread 0x000001f70e1372e0 Uncommon trap: trap_request=0xffffff45 fr.pc=0x000001f71d6a6a44 relative=0x0000000000000224
Event: 2.327 Thread 0x000001f70e1372e0 Uncommon trap: reason=unstable_if action=reinterpret pc=0x000001f71d6a6a44 method=org.codehaus.plexus.util.xml.pull.MXParser.isS(C)Z @ 21 c2
Event: 2.327 Thread 0x000001f70e1372e0 DEOPT PACKING pc=0x000001f71d6a6a44 sp=0x000000ed4a0fd6b0
Event: 2.327 Thread 0x000001f70e1372e0 DEOPT UNPACKING pc=0x000001f71ce95ba3 sp=0x000000ed4a0fd5d8 mode 2

Classes unloaded (0 events):
No events

Classes redefined (0 events):
No events

Internal exceptions (20 events):
Event: 0.259 Thread 0x000001f70e1372e0 Exception <a 'java/lang/NoSuchMethodError'{0x0000000714608568}: 'void java.lang.invoke.DirectMethodHandle$Holder.invokeSpecial(java.lang.Object, java.lang.Object, java.lang.Object)'> (0x0000000714608568) 
thrown [s\open\src\hotspot\share\interpreter\linkResolver.cpp, line 759]
Event: 0.278 Thread 0x000001f70e1372e0 Exception <a 'java/lang/NoSuchMethodError'{0x000000071475d700}: 'java.lang.Object java.lang.invoke.DirectMethodHandle$Holder.invokeInterface(java.lang.Object, java.lang.Object)'> (0x000000071475d700) 
thrown [s\open\src\hotspot\share\interpreter\linkResolver.cpp, line 759]
Event: 0.287 Thread 0x000001f70e1372e0 Exception <a 'java/lang/NoSuchMethodError'{0x0000000714403440}: 'java.lang.Object java.lang.invoke.Invokers$Holder.invokeExact_MT(java.lang.Object, java.lang.Object, java.lang.Object, java.lang.Object, java.lang.Object, java.lang.Object)'> (0x0000000714403440) 
thrown [s\open\src\hotspot\share\interpreter\linkResolver.cpp, line 759]
Event: 0.289 Thread 0x000001f70e1372e0 Exception <a 'java/lang/NoSuchMethodError'{0x00000007144148a0}: 'int java.lang.invoke.DirectMethodHandle$Holder.invokeSpecialIFC(java.lang.Object, java.lang.Object, java.lang.Object, java.lang.Object, java.lang.Object)'> (0x00000007144148a0) 
thrown [s\open\src\hotspot\share\interpreter\linkResolver.cpp, line 759]
Event: 0.315 Thread 0x000001f70e1372e0 Exception <a 'java/lang/NoSuchMethodError'{0x00000007145ac268}: 'java.lang.Object java.lang.invoke.DirectMethodHandle$Holder.newInvokeSpecial(java.lang.Object, java.lang.Object, java.lang.Object, java.lang.Object, java.lang.Object)'> (0x00000007145ac268) 
thrown [s\open\src\hotspot\share\interpreter\linkResolver.cpp, line 759]
Event: 0.330 Thread 0x000001f70e1372e0 Exception <a 'java/lang/NoSuchMethodError'{0x00000007142acc98}: 'int java.lang.invoke.DirectMethodHandle$Holder.invokeStaticInit(java.lang.Object, java.lang.Object)'> (0x00000007142acc98) 
thrown [s\open\src\hotspot\share\interpreter\linkResolver.cpp, line 759]
Event: 0.334 Thread 0x000001f70e1372e0 Exception <a 'java/lang/NoClassDefFoundError'{0x00000007142e4478}: javax/enterprise/inject/Typed> (0x00000007142e4478) 
thrown [s\open\src\hotspot\share\classfile\systemDictionary.cpp, line 245]
Event: 1.935 Thread 0x000001f70e1372e0 Exception <a 'java/lang/NoSuchMethodError'{0x00000007150e13a0}: 'void java.lang.invoke.DirectMethodHandle$Holder.invokeStaticInit(java.lang.Object, java.lang.Object, java.lang.Object)'> (0x00000007150e13a0) 
thrown [s\open\src\hotspot\share\interpreter\linkResolver.cpp, line 759]
Event: 1.938 Thread 0x000001f70e1372e0 Exception <a 'java/lang/ExceptionInInitializerError'{0x000000071510c170}> (0x000000071510c170) 
thrown [s\open\src\hotspot\share\oops\instanceKlass.cpp, line 1216]
Event: 1.952 Thread 0x000001f70e1372e0 Implicit null exception at 0x000001f71d61ec2f to 0x000001f71d61ed90
Event: 1.953 Thread 0x000001f70e1372e0 Exception <a 'java/lang/NoSuchMethodError'{0x0000000714e17b90}: 'java.lang.Object java.lang.invoke.Invokers$Holder.invokeExact_MT(java.lang.Object, int, java.lang.Object)'> (0x0000000714e17b90) 
thrown [s\open\src\hotspot\share\interpreter\linkResolver.cpp, line 759]
Event: 1.961 Thread 0x000001f70e1372e0 Exception <a 'java/lang/NoSuchMethodError'{0x0000000714e819d0}: 'int java.lang.invoke.DirectMethodHandle$Holder.invokeSpecial(java.lang.Object, java.lang.Object, java.lang.Object, java.lang.Object)'> (0x0000000714e819d0) 
thrown [s\open\src\hotspot\share\interpreter\linkResolver.cpp, line 759]
Event: 2.092 Thread 0x000001f70e1372e0 Exception <a 'java/lang/NoClassDefFoundError'{0x00000007147e64f8}: com/google/inject/servlet/ServletModuleTargetVisitor> (0x00000007147e64f8) 
thrown [s\open\src\hotspot\share\classfile\systemDictionary.cpp, line 245]
Event: 2.119 Thread 0x000001f70e1372e0 Exception <a 'java/lang/NoSuchMethodError'{0x0000000714576490}: 'void java.lang.invoke.DirectMethodHandle$Holder.invokeVirtual(java.lang.Object, java.lang.Object)'> (0x0000000714576490) 
thrown [s\open\src\hotspot\share\interpreter\linkResolver.cpp, line 759]
Event: 2.130 Thread 0x000001f70e1372e0 Exception <a 'java/lang/NoSuchMethodError'{0x00000007145ee6b8}: 'java.lang.Object java.lang.invoke.DirectMethodHandle$Holder.invokeStaticInit(java.lang.Object, int, int, int, int)'> (0x00000007145ee6b8) 
thrown [s\open\src\hotspot\share\interpreter\linkResolver.cpp, line 759]
Event: 2.195 Thread 0x000001f70e1372e0 Implicit null exception at 0x000001f71d5b5b72 to 0x000001f71d5b61c0
Event: 2.195 Thread 0x000001f70e1372e0 Implicit null exception at 0x000001f71d5b99f2 to 0x000001f71d5ba058
Event: 2.216 Thread 0x000001f70e1372e0 Exception <a 'java/lang/NoSuchMethodError'{0x0000000713fcc190}: 'void java.lang.invoke.DirectMethodHandle$Holder.invokeSpecial(java.lang.Object, java.lang.Object, java.lang.Object, java.lang.Object, java.lang.Object)'> (0x0000000713fcc190) 
thrown [s\open\src\hotspot\share\interpreter\linkResolver.cpp, line 759]
Event: 2.218 Thread 0x000001f70e1372e0 Exception <a 'java/lang/NoSuchMethodError'{0x0000000713fe9818}: 'void java.lang.invoke.DirectMethodHandle$Holder.invokeSpecial(java.lang.Object, java.lang.Object, java.lang.Object, java.lang.Object, java.lang.Object, java.lang.Object)'> (0x0000000713fe9818) 
thrown [s\open\src\hotspot\share\interpreter\linkResolver.cpp, line 759]
Event: 2.226 Thread 0x000001f70e1372e0 Exception <a 'java/lang/NoSuchMethodError'{0x0000000713ce01e8}: 'java.lang.Object java.lang.invoke.DirectMethodHandle$Holder.invokeVirtual(java.lang.Object, java.lang.Object, java.lang.Object)'> (0x0000000713ce01e8) 
thrown [s\open\src\hotspot\share\interpreter\linkResolver.cpp, line 759]

VM Operations (20 events):
Event: 1.977 Executing VM operation: HandshakeAllThreads done
Event: 1.978 Executing VM operation: HandshakeAllThreads
Event: 1.978 Executing VM operation: HandshakeAllThreads done
Event: 2.012 Executing VM operation: HandshakeAllThreads
Event: 2.012 Executing VM operation: HandshakeAllThreads done
Event: 2.057 Executing VM operation: ICBufferFull
Event: 2.057 Executing VM operation: ICBufferFull done
Event: 2.078 Executing VM operation: HandshakeAllThreads
Event: 2.078 Executing VM operation: HandshakeAllThreads done
Event: 2.124 Executing VM operation: HandshakeAllThreads
Event: 2.124 Executing VM operation: HandshakeAllThreads done
Event: 2.136 Executing VM operation: HandshakeAllThreads
Event: 2.136 Executing VM operation: HandshakeAllThreads done
Event: 2.178 Executing VM operation: HandshakeAllThreads
Event: 2.178 Executing VM operation: HandshakeAllThreads done
Event: 2.178 Executing VM operation: HandshakeAllThreads
Event: 2.179 Executing VM operation: HandshakeAllThreads done
Event: 2.212 Executing VM operation: ICBufferFull
Event: 2.212 Executing VM operation: ICBufferFull done
Event: 3.225 Executing VM operation: Cleanup

Events (20 events):
Event: 2.211 loading class java/nio/channels/spi/AbstractInterruptibleChannel$1
Event: 2.211 loading class sun/nio/ch/Interruptible
Event: 2.211 loading class sun/nio/ch/Interruptible done
Event: 2.211 loading class java/nio/channels/spi/AbstractInterruptibleChannel$1 done
Event: 2.211 loading class java/util/AbstractMap$2
Event: 2.212 loading class java/util/AbstractMap$2 done
Event: 2.212 loading class java/util/AbstractMap$2$1
Event: 2.212 loading class java/util/AbstractMap$2$1 done
Event: 2.217 loading class java/lang/invoke/MethodHandle$1
Event: 2.217 loading class java/lang/invoke/MethodHandle$1 done
Event: 2.234 loading class sun/util/resources/LocaleData$CommonResourceBundleProvider
Event: 2.234 loading class sun/util/resources/LocaleData$LocaleDataResourceBundleProvider
Event: 2.234 loading class java/util/spi/ResourceBundleProvider
Event: 2.234 loading class java/util/spi/ResourceBundleProvider done
Event: 2.234 loading class sun/util/resources/LocaleData$LocaleDataResourceBundleProvider done
Event: 2.234 loading class sun/util/resources/LocaleData$CommonResourceBundleProvider done
Event: 2.234 loading class sun/util/resources/Bundles$2
Event: 2.234 loading class sun/util/resources/Bundles$2 done
Event: 2.296 loading class java/util/stream/Streams$RangeIntSpliterator
Event: 2.296 loading class java/util/stream/Streams$RangeIntSpliterator done


Dynamic libraries:
0x00007ff7001e0000 - 0x00007ff7001f0000 	C:\Program Files\Java\jdk-17\bin\java.exe
0x00007ff9cdba0000 - 0x00007ff9cde08000 	C:\WINDOWS\SYSTEM32\ntdll.dll
0x00007ff9cd540000 - 0x00007ff9cd609000 	C:\WINDOWS\System32\KERNEL32.DLL
0x00007ff9caf30000 - 0x00007ff9cb322000 	C:\WINDOWS\System32\KERNELBASE.dll
0x00007ff9cb6d0000 - 0x00007ff9cb81b000 	C:\WINDOWS\System32\ucrtbase.dll
0x00007ff98d060000 - 0x00007ff98d079000 	C:\Program Files\Java\jdk-17\bin\jli.dll
0x00007ff9842a0000 - 0x00007ff9842bb000 	C:\Program Files\Java\jdk-17\bin\VCRUNTIME140.dll
0x00007ff9cd960000 - 0x00007ff9cda14000 	C:\WINDOWS\System32\ADVAPI32.dll
0x00007ff9cc900000 - 0x00007ff9cc9a9000 	C:\WINDOWS\System32\msvcrt.dll
0x00007ff9cbbf0000 - 0x00007ff9cbc96000 	C:\WINDOWS\System32\sechost.dll
0x00007ff9cbad0000 - 0x00007ff9cbbe8000 	C:\WINDOWS\System32\RPCRT4.dll
0x00007ff9cd370000 - 0x00007ff9cd535000 	C:\WINDOWS\System32\USER32.dll
0x00007ff9cb520000 - 0x00007ff9cb547000 	C:\WINDOWS\System32\win32u.dll
0x00007ff9a9880000 - 0x00007ff9a9b13000 	C:\WINDOWS\WinSxS\amd64_microsoft.windows.common-controls_6595b64144ccf1df_6.0.26100.6725_none_3e085828e334708b\COMCTL32.dll
0x00007ff9ccfc0000 - 0x00007ff9ccfeb000 	C:\WINDOWS\System32\GDI32.dll
0x00007ff9cb330000 - 0x00007ff9cb45d000 	C:\WINDOWS\System32\gdi32full.dll
0x00007ff9cb8c0000 - 0x00007ff9cb963000 	C:\WINDOWS\System32\msvcp_win.dll
0x00007ff9c0bb0000 - 0x00007ff9c0bbb000 	C:\WINDOWS\SYSTEM32\VERSION.dll
0x00007ff9cd610000 - 0x00007ff9cd63f000 	C:\WINDOWS\System32\IMM32.DLL
0x00007ff9a30e0000 - 0x00007ff9a30ec000 	C:\Program Files\Java\jdk-17\bin\vcruntime140_1.dll
0x00007ff96b5a0000 - 0x00007ff96b62e000 	C:\Program Files\Java\jdk-17\bin\msvcp140.dll
0x00007ff91d240000 - 0x00007ff91de20000 	C:\Program Files\Java\jdk-17\bin\server\jvm.dll
0x00007ff9cc8f0000 - 0x00007ff9cc8f8000 	C:\WINDOWS\System32\PSAPI.DLL
0x00007ff9a7c40000 - 0x00007ff9a7c4a000 	C:\WINDOWS\SYSTEM32\WSOCK32.dll
0x00007ff9c0d20000 - 0x00007ff9c0d55000 	C:\WINDOWS\SYSTEM32\WINMM.dll
0x00007ff9cc800000 - 0x00007ff9cc874000 	C:\WINDOWS\System32\WS2_32.dll
0x00007ff9c9aa0000 - 0x00007ff9c9abb000 	C:\WINDOWS\SYSTEM32\kernel.appcore.dll
0x00007ff99be20000 - 0x00007ff99be2a000 	C:\Program Files\Java\jdk-17\bin\jimage.dll
0x00007ff9c8490000 - 0x00007ff9c86d2000 	C:\WINDOWS\SYSTEM32\DBGHELP.DLL
0x00007ff9ccff0000 - 0x00007ff9cd36b000 	C:\WINDOWS\System32\combase.dll
0x00007ff9cc720000 - 0x00007ff9cc7f7000 	C:\WINDOWS\System32\OLEAUT32.dll
0x00007ff9a0520000 - 0x00007ff9a055c000 	C:\WINDOWS\SYSTEM32\dbgcore.DLL
0x00007ff9cb820000 - 0x00007ff9cb8b8000 	C:\WINDOWS\System32\bcryptPrimitives.dll
0x00007ff981970000 - 0x00007ff981995000 	C:\Program Files\Java\jdk-17\bin\java.dll
0x00007ff968fd0000 - 0x00007ff9690a7000 	C:\Program Files\Java\jdk-17\bin\jsvml.dll
0x00007ff9cbd20000 - 0x00007ff9cc46c000 	C:\WINDOWS\System32\SHELL32.dll
0x00007ff9cadc0000 - 0x00007ff9caf2b000 	C:\WINDOWS\System32\wintypes.dll
0x00007ff9c8970000 - 0x00007ff9c91cd000 	C:\WINDOWS\SYSTEM32\windows.storage.dll
0x00007ff9cca30000 - 0x00007ff9ccb22000 	C:\WINDOWS\System32\SHCORE.dll
0x00007ff9cc880000 - 0x00007ff9cc8e2000 	C:\WINDOWS\System32\shlwapi.dll
0x00007ff9cac50000 - 0x00007ff9cac79000 	C:\WINDOWS\SYSTEM32\profapi.dll
0x00007ff983140000 - 0x00007ff983159000 	C:\Program Files\Java\jdk-17\bin\net.dll
0x00007ff9c1670000 - 0x00007ff9c178f000 	C:\WINDOWS\SYSTEM32\WINHTTP.dll
0x00007ff9ca0e0000 - 0x00007ff9ca14b000 	C:\WINDOWS\system32\mswsock.dll
0x00007ff9817d0000 - 0x00007ff9817e6000 	C:\Program Files\Java\jdk-17\bin\nio.dll
0x00007ff97f5c0000 - 0x00007ff97f5d8000 	C:\Program Files\Java\jdk-17\bin\zip.dll
0x00007ff99bc50000 - 0x00007ff99bc74000 	C:\apache-maven-3.9.9\lib\jansi-native\Windows\x86_64\jansi.dll
0x00007ff998370000 - 0x00007ff998380000 	C:\Program Files\Java\jdk-17\bin\verify.dll

dbghelp: loaded successfully - version: 4.0.5 - missing functions: none
symbol engine: initialized successfully - sym options: 0x614 - pdb path: .;C:\Program Files\Java\jdk-17\bin;C:\WINDOWS\SYSTEM32;C:\WINDOWS\WinSxS\amd64_microsoft.windows.common-controls_6595b64144ccf1df_6.0.26100.6725_none_3e085828e334708b;C:\Program Files\Java\jdk-17\bin\server;C:\apache-maven-3.9.9\lib\jansi-native\Windows\x86_64

VM Arguments:
jvm_args: -Dclassworlds.conf=C:\apache-maven-3.9.9\bin\m2.conf -Dmaven.home=C:\apache-maven-3.9.9 -Dlibrary.jansi.path=C:\apache-maven-3.9.9\lib\jansi-native -Dmaven.multiModuleProjectDirectory=C:\Users\henda\Documents\ecommerce 
java_command: org.codehaus.plexus.classworlds.launcher.Launcher spring-boot:run
java_class_path (initial): C:\apache-maven-3.9.9\boot\plexus-classworlds-2.8.0.jar
Launcher Type: SUN_STANDARD

[Global flags]
     intx CICompilerCount                          = 12                                        {product} {ergonomic}
     uint ConcGCThreads                            = 3                                         {product} {ergonomic}
     uint G1ConcRefinementThreads                  = 13                                        {product} {ergonomic}
   size_t G1HeapRegionSize                         = 2097152                                   {product} {ergonomic}
    uintx GCDrainStackTargetSize                   = 64                                        {product} {ergonomic}
   size_t InitialHeapSize                          = 264241152                                 {product} {ergonomic}
   size_t MarkStackSize                            = 4194304                                   {product} {ergonomic}
   size_t MaxHeapSize                              = 4200595456                                {product} {ergonomic}
   size_t MaxNewSize                               = 2518679552                                {product} {ergonomic}
   size_t MinHeapDeltaBytes                        = 2097152                                   {product} {ergonomic}
   size_t MinHeapSize                              = 8388608                                   {product} {ergonomic}
    uintx NonNMethodCodeHeapSize                   = 7602480                                {pd product} {ergonomic}
    uintx NonProfiledCodeHeapSize                  = 122027880                              {pd product} {ergonomic}
    uintx ProfiledCodeHeapSize                     = 122027880                              {pd product} {ergonomic}
    uintx ReservedCodeCacheSize                    = 251658240                              {pd product} {ergonomic}
     bool SegmentedCodeCache                       = true                                      {product} {ergonomic}
   size_t SoftMaxHeapSize                          = 4200595456                             {manageable} {ergonomic}
     bool UseCompressedClassPointers               = true                           {product lp64_product} {ergonomic}
     bool UseCompressedOops                        = true                           {product lp64_product} {ergonomic}
     bool UseG1GC                                  = true                                      {product} {ergonomic}
     bool UseLargePagesIndividualAllocation        = false                                  {pd product} {ergonomic}

Logging:
Log output configuration:
 #0: stdout all=warning uptime,level,tags
 #1: stderr all=off uptime,level,tags

Environment Variables:
JAVA_HOME=C:\Program Files\Java\jdk-17
PATH=C:\Program Files\Common Files\Oracle\Java\javapath;C:\Python313\Scripts\;C:\Python313\;C:\windows\system32;C:\windows;C:\windows\System32\Wbem;C:\windows\System32\WindowsPowerShell\v1.0\;C:\windows\System32\OpenSSH\;C:\xampp\php;C:\ProgramData\ComposerSetup\bin;C:\WINDOWS\system32;C:\WINDOWS;C:\WINDOWS\System32\Wbem;C:\WINDOWS\System32\WindowsPowerShell\v1.0\;C:\WINDOWS\System32\OpenSSH\;C:\Users\henda\AppData\Roaming\npm;C:\hadoop\bin;C:\hadoop\sbin;C:\hadoop\derby\bin;C:\hadoop\hive\bin;C:\ProgramData\Microsoft\Windows\Start Menu\Programs\NVIDIA Corporation\CUDA Toolkit\v12.3\cudnn-windows-x86_64-8.9.7.29_cuda12-archive;C:\ProgramData\chocolatey\bin;C:\Program Files\dotnet\;C:\apache-maven-3.9.9\bin;C:\Program Files\Docker\Docker\resources\bin;C:\Users\henda\AppData\Local\nvm;C:\nvm4w\nodejs;C:\Program Files\Java\jdk-17\bin;C:\Program Files\Git\cmd;C:\Python313\Scripts\;C:\Python313\;C:\Program Files\Common Files\Oracle\Java\javapath;C:\windows\system32;C:\windows;C:\windows\System32\Wbem;C:\windows\System32\WindowsPowerShell\v1.0\;C:\windows\System32\OpenSSH\;C:\xampp\php;C:\ProgramData\ComposerSetup\bin;C:\WINDOWS\system32;C:\WINDOWS;C:\WINDOWS\System32\Wbem;C:\WINDOWS\System32\WindowsPowerShell\v1.0\;C:\WINDOWS\System32\OpenSSH\;C:\Users\henda\AppData\Roaming\npm;C:\hadoop\bin;C:\hadoop\sbin;C:\hadoop\derby\bin;C:\hadoop\hive\bin;C:\ProgramData\Microsoft\Windows\Start Menu\Programs\NVIDIA Corporation\CUDA Toolkit\v12.3\cudnn-windows-x86_64-8.9.7.29_cuda12-archive;C:\ProgramData\chocolatey\bin;C:\Program Files\dotnet\;C:\apache-maven-3.9.9\bin;C:\Program Files\Git\cmd;C:\Program Files\Docker\Docker\resources\bin;C:\Users\henda\AppData\Local\nvm;C:\nvm4w\nodejs;C:\Users\henda\AppData\Local\Programs\Python\Python39\Scripts\;C:\Users\henda\AppData\Local\Programs\Python\Python39\;C:\Users\henda\AppData\Local\Programs\Python\Python312\Scripts\;C:\Users\henda\AppData\Local\Programs\Python\Python312\;C:\Users\henda\AppData\Local\Microsoft\WindowsApps;C:\Users\henda\A
USERNAME=victus
OS=Windows_NT
PROCESSOR_IDENTIFIER=Intel64 Family 6 Model 141 Stepping 1, GenuineIntel



---------------  S Y S T E M  ---------------

OS:
 Windows 11 , 64 bit Build 26100 (10.0.26100.6725)
OS uptime: 0 days 2:50 hours
Hyper-V role detected

CPU: total 16 (initial active 16) (8 cores per cpu, 2 threads per core) family 6 model 141 stepping 1 microcode 0x4e, cx8, cmov, fxsr, ht, mmx, 3dnowpref, sse, sse2, sse3, ssse3, sse4.1, sse4.2, popcnt, lzcnt, tsc, tscinvbit, avx, avx2, aes, erms, clmul, bmi1, bmi2, adx, avx512f, avx512dq, avx512cd, avx512bw, avx512vl, sha, fma, vzeroupper, avx512_vpopcntdq, avx512_vpclmulqdq, avx512_vaes, avx512_vnni, clflush, clflushopt, clwb, avx512_vbmi2, avx512_vbmi, hv

Memory: 4k page, system-wide physical 16021M (3653M free)
TotalPageFile size 16021M (AvailPageFile size 5M)
current process WorkingSet (physical memory assigned to process): 140M, peak: 140M
current process commit charge ("private bytes"): 408M, peak: 410M

vm_info: Java HotSpot(TM) 64-Bit Server VM (17.0.12+8-LTS-286) for windows-amd64 JRE (17.0.12+8-LTS-286), built on Jun  5 2024 06:46:59 by "mach5one" with MS VC++ 17.6 (VS2022)

END.
